Turbo Assembler	 Version 3.1	    05/15/20 15:09:25	    Page 1
c:recfac.asm



      1				     comment |
      2				     ***************************************************************
      3				     Programmer:
      4				     Date      :  Feb 26th, 2020
      5				     Course    :  CS221	- Machine Organization & Assembly Lang.	Programming
      6				     Project   :  This program uses a recursive	procedure to
      7						  compute the factorial	of N.
      8				     Assembler :  Borland TASM 3.0
      9				     File Name :  recfac.asm
     10
     11				     PROGRAM IDENTIFICATION SECTION:
     12
     13				       Input  :	 The value of N.
     14				       Output :	 The factorial of N.
     15				       Input Files : None
     16				       Output Files: None
     17				       Purpose:	 Computes the factorial	of N, after N is input by the user.
     18
     19				     PROCEDURES	CALLED:
     20
     21					 External procedures called:
     22					     FROM iofar.lib: PutStr, PutCrLf, GetDec, PutDec
     23					 Internal procedures called:
     24					     Greet, RecFact
     25				     |
     26				     ;****** BEGIN MAIN	PROGRAM	************************************
     27					     DOSSEG
     28					     .186
     29	0000				     .model large
     30	0000				     .stack 200h
     31
     32				     ;****** MAIN PROGRAM DATA SEGMENT *****************************
     33	0000				      .data
     34	0000  41 42 43		     A1	Db 'ABC'
     35	0003  58 59 5A		     A2	db 'XYZ'
     36
     37				     ;****** MAIN PROGRAM CODE SEGMENT *****************************
     38	0006				     .code
     39					     extrn   PutCrLf: PROC
     40					     extrn   GetDec: PROC, PutDec: PROC
     41
     42	0000			     ProgramStart   PROC  NEAR
     43				     ; Initialize ds register to hold data segment address
     44	0000  B8 0000s			     mov     ax,@data
     45	0003  8E D8			     mov     DS,ax
     46	0005  8C DB			     mov bx,DS
     47	0007  8E C3			     mov es,BX
     48
     49	0009  33 F6			     XOR SI,si
     50	000B  33 FF			     XOR DI,DI
     51
     52	000D  BE 0000r			     LEA SI,A1
     53	0010  BF 0003r			     LEA DI,A2
     54	0013  FC			     CLD
     55	0014  A4			     MOVSB
     56
     57				     end     ProgramStart
Turbo Assembler	 Version 3.1	    05/15/20 15:09:25	    Page 2
c:recfac.asm



*Warning* c:recfac.asm(57) Open	procedure: ProgramStart
Turbo Assembler	 Version 3.1	    05/15/20 15:09:25	    Page 3
Symbol Table




Symbol Name		Type   Value			   Cref	(defined at #)

??date			Text   "05/15/20"
??filename		Text   "recfac	"
??time			Text   "15:09:25"
??version		Number 030A
@32Bit			Text   0			   #29
@CodeSize		Text   1			   #29
@Cpu			Text   0103H			   #28
@DataSize		Text   1			   #29
@FileName		Text   recfac
@Interface		Text   00h			   #29
@Model			Text   5			   #29
@WordSize		Text   2			   #28	#33  #38
@code			Text   recfac_TEXT		   #29	#29  #38
@curseg			Text   recfac_TEXT		   #33	#38
@data			Text   DGROUP			   #29	44
@stack			Text   DGROUP			   #29
A1			Byte   DGROUP:0000		   #34	52
A2			Byte   DGROUP:0003		   #35	53
GetDec			Far    recfac_TEXT:----	Extern	   #40
ProgramStart		Near   recfac_TEXT:0000		   #42	57
PutCrLf			Far    recfac_TEXT:----	Extern	   #39
PutDec			Far    recfac_TEXT:----	Extern	   #40

Groups & Segments	Bit Size Align	Combine	Class	   Cref	(defined at #)

DGROUP			Group				   #29	29  44
  STACK			16  0200 Para	Stack	STACK	   #30
  _DATA			16  0006 Word	Public	DATA	   #29	#33
recfac_TEXT		16  0015 Word	Public	CODE	   #29	29  #38	 38
Turbo Assembler	 Version 3.1	    05/15/20 15:09:25	    Page 4
Error Summary



*Warning* c:recfac.asm(57) Open	procedure: ProgramStart
