
 Start  Stop   Length Name               Class

 00000H 0009BH 0009CH RECFAC_TEXT        CODE
 0009CH 001F4H 00159H _TEXT              CODE
 00200H 002ECH 000EDH _DATA              DATA
 002F0H 004EFH 00200H STACK              STACK


Detailed map of segments

 0000:0000 009C C=CODE   S=RECFAC_TEXT    G=(none)  M=C:RECFAC.ASM ACBP=48
 0009:000C 0010 C=CODE   S=_TEXT          G=(none)  M=C:RECFAC.ASM ACBP=48
 0009:001C 00A2 C=CODE   S=_TEXT          G=(none)  M=GETDEC     ACBP=48
 0009:00BE 005B C=CODE   S=_TEXT          G=(none)  M=PUTDEC     ACBP=48
 0009:011A 0024 C=CODE   S=_TEXT          G=(none)  M=GETCHAR    ACBP=48
 0009:013E 000F C=CODE   S=_TEXT          G=(none)  M=PUTCRLF    ACBP=48
 0009:014E 0017 C=CODE   S=_TEXT          G=(none)  M=PUTSTR     ACBP=48
 0020:0000 00A5 C=DATA   S=_DATA          G=DGROUP  M=C:RECFAC.ASM ACBP=48
 0020:00A6 0047 C=DATA   S=_DATA          G=DGROUP  M=GETDEC     ACBP=48
 0020:00F0 0200 C=STACK  S=STACK          G=DGROUP  M=C:RECFAC.ASM ACBP=74

  Address         Publics by Name

 0009:00092 idle  CHKDIGIT
 0009:0011A       GETCHAR
 0009:0002B idle  GETDC2
 0009:0001C       GETDEC
 0009:000A5 idle  IOERROR
 0009:0013E       PUTCRLF
 0009:000BE       PUTDEC
 0009:0014E       PUTSTR

  Address         Publics by Value

 0009:0014E       PUTSTR
 0009:0013E       PUTCRLF
 0009:0011A       GETCHAR
 0009:000BE       PUTDEC
 0009:000A5 idle  IOERROR
 0009:00092 idle  CHKDIGIT
 0009:0002B idle  GETDC2
 0009:0001C       GETDEC

Program entry point at 0000:0000

