
 Start  Stop   Length Name               Class

 00000H 000C2H 000C3H PROJ3_TEXT         CODE
 000C4H 0021CH 00159H _TEXT              CODE
 00220H 0036AH 0014BH _DATA              DATA
 00370H 0056FH 00200H STACK              STACK


Detailed map of segments

 0000:0000 00C3 C=CODE   S=PROJ3_TEXT     G=(none)  M=C:PROJ3.ASM ACBP=48
 000C:0004 0010 C=CODE   S=_TEXT          G=(none)  M=C:PROJ3.ASM ACBP=48
 000C:0014 00A2 C=CODE   S=_TEXT          G=(none)  M=GETDEC     ACBP=48
 000C:00B6 005B C=CODE   S=_TEXT          G=(none)  M=PUTDEC     ACBP=48
 000C:0112 0024 C=CODE   S=_TEXT          G=(none)  M=GETCHAR    ACBP=48
 000C:0136 000F C=CODE   S=_TEXT          G=(none)  M=PUTCRLF    ACBP=48
 000C:0146 0017 C=CODE   S=_TEXT          G=(none)  M=PUTSTR     ACBP=48
 0022:0000 0103 C=DATA   S=_DATA          G=DGROUP  M=C:PROJ3.ASM ACBP=48
 0022:0104 0047 C=DATA   S=_DATA          G=DGROUP  M=GETDEC     ACBP=48
 0022:0150 0200 C=STACK  S=STACK          G=DGROUP  M=C:PROJ3.ASM ACBP=74

  Address         Publics by Name

 000C:0008A idle  CHKDIGIT
 000C:00112       GETCHAR
 000C:00023 idle  GETDC2
 000C:00014       GETDEC
 000C:0009D idle  IOERROR
 000C:00136       PUTCRLF
 000C:000B6       PUTDEC
 000C:00146       PUTSTR

  Address         Publics by Value

 000C:00146       PUTSTR
 000C:00136       PUTCRLF
 000C:00112       GETCHAR
 000C:000B6       PUTDEC
 000C:0009D idle  IOERROR
 000C:0008A idle  CHKDIGIT
 000C:00023 idle  GETDC2
 000C:00014       GETDEC

Program entry point at 0000:0000

