
 Start  Stop   Length Name               Class

 00000H 000D6H 000D7H PROJ3_TEXT         CODE
 000D8H 00230H 00159H _TEXT              CODE
 00240H 003ACH 0016DH _DATA              DATA
 003B0H 005AFH 00200H STACK              STACK


Detailed map of segments

 0000:0000 00D7 C=CODE   S=PROJ3_TEXT     G=(none)  M=C:PROJ3.ASM ACBP=48
 000D:0008 0010 C=CODE   S=_TEXT          G=(none)  M=C:PROJ3.ASM ACBP=48
 000D:0018 00A2 C=CODE   S=_TEXT          G=(none)  M=GETDEC     ACBP=48
 000D:00BA 005B C=CODE   S=_TEXT          G=(none)  M=PUTDEC     ACBP=48
 000D:0116 0024 C=CODE   S=_TEXT          G=(none)  M=GETCHAR    ACBP=48
 000D:013A 000F C=CODE   S=_TEXT          G=(none)  M=PUTCRLF    ACBP=48
 000D:014A 0017 C=CODE   S=_TEXT          G=(none)  M=PUTSTR     ACBP=48
 0024:0000 0126 C=DATA   S=_DATA          G=DGROUP  M=C:PROJ3.ASM ACBP=48
 0024:0126 0047 C=DATA   S=_DATA          G=DGROUP  M=GETDEC     ACBP=48
 0024:0170 0200 C=STACK  S=STACK          G=DGROUP  M=C:PROJ3.ASM ACBP=74

  Address         Publics by Name

 000D:0008E idle  CHKDIGIT
 000D:00116       GETCHAR
 000D:00027 idle  GETDC2
 000D:00018       GETDEC
 000D:000A1 idle  IOERROR
 000D:0013A       PUTCRLF
 000D:000BA       PUTDEC
 000D:0014A       PUTSTR

  Address         Publics by Value

 000D:0014A       PUTSTR
 000D:0013A       PUTCRLF
 000D:00116       GETCHAR
 000D:000BA       PUTDEC
 000D:000A1 idle  IOERROR
 000D:0008E idle  CHKDIGIT
 000D:00027 idle  GETDC2
 000D:00018       GETDEC

Program entry point at 0000:0000

